// Jest Snapshot v1, https://goo.gl/fbAQLP

exports[`GetStarted page tests should current render component 1`] = `
<DocumentFragment>
  <div
    class="makeStyles-wrapper-1"
  >
    <div
      class="makeStyles-header-13"
    >
      <div
        class="MuiGrid-root MuiGrid-container MuiGrid-direction-xs-column"
      >
        <div
          class="MuiGrid-root MuiGrid-container MuiGrid-direction-xs-column MuiGrid-align-items-xs-flex-end"
        >
          <span
            class="MuiTypography-root MuiTypography-caption"
          >
            New to Slack?
          </span>
          <div
            class="MuiTypography-root MuiLink-root MuiLink-underlineHover MuiTypography-caption MuiTypography-colorSecondary"
          >
            <a
              href="/get-started"
            >
              Create an account
            </a>
          </div>
        </div>
        <h3
          class="MuiTypography-root MuiTypography-h3"
        >
          Sign in to Slack
        </h3>
        <p
          class="MuiTypography-root MuiTypography-body1"
        >
          We suggest using the 
          <strong>
            email address you use at work.
          </strong>
        </p>
      </div>
    </div>
    <div
      class="makeStyles-signInForm-6"
    >
      <form>
        <div
          class="MuiFormControl-root MuiTextField-root makeStyles-input-14 MuiFormControl-fullWidth"
        >
          <label
            class="MuiFormLabel-root MuiFormLabel-colorSecondary MuiInputLabel-root MuiInputLabel-formControl MuiInputLabel-animated MuiInputLabel-marginDense MuiInputLabel-outlined"
            data-shrink="false"
            for="email-outlined-basic"
            id="email-outlined-basic-label"
          >
            name@work-email.com
          </label>
          <div
            class="MuiInputBase-root MuiOutlinedInput-root MuiInputBase-colorSecondary MuiOutlinedInput-colorSecondary MuiInputBase-fullWidth MuiInputBase-formControl MuiInputBase-marginDense MuiOutlinedInput-marginDense"
          >
            <input
              aria-invalid="false"
              class="MuiInputBase-input MuiOutlinedInput-input MuiInputBase-inputMarginDense MuiOutlinedInput-inputMarginDense"
              id="email-outlined-basic"
              name="email"
              type="email"
              value=""
            />
            <fieldset
              aria-hidden="true"
              class="PrivateNotchedOutline-root-17 MuiOutlinedInput-notchedOutline"
            >
              <legend
                class="PrivateNotchedOutline-legendLabelled-19"
              >
                <span>
                  name@work-email.com
                </span>
              </legend>
            </fieldset>
          </div>
        </div>
        <div
          class="MuiFormControl-root MuiTextField-root makeStyles-input-14 MuiFormControl-fullWidth"
        >
          <label
            class="MuiFormLabel-root MuiFormLabel-colorSecondary MuiInputLabel-root MuiInputLabel-formControl MuiInputLabel-animated MuiInputLabel-marginDense MuiInputLabel-outlined"
            data-shrink="false"
            for="outlined-basic"
            id="outlined-basic-label"
          >
            Your password
          </label>
          <div
            class="MuiInputBase-root MuiOutlinedInput-root MuiInputBase-colorSecondary MuiOutlinedInput-colorSecondary MuiInputBase-fullWidth MuiInputBase-formControl MuiInputBase-marginDense MuiOutlinedInput-marginDense"
          >
            <input
              aria-invalid="false"
              class="MuiInputBase-input MuiOutlinedInput-input MuiInputBase-inputMarginDense MuiOutlinedInput-inputMarginDense"
              id="outlined-basic"
              name="password"
              type="password"
              value=""
            />
            <fieldset
              aria-hidden="true"
              class="PrivateNotchedOutline-root-17 MuiOutlinedInput-notchedOutline"
            >
              <legend
                class="PrivateNotchedOutline-legendLabelled-19"
              >
                <span>
                  Your password
                </span>
              </legend>
            </fieldset>
          </div>
        </div>
        <button
          class="MuiButtonBase-root MuiButton-root MuiButton-contained makeStyles-button-16 MuiButton-containedPrimary MuiButton-fullWidth"
          tabindex="0"
          type="submit"
        >
          <span
            class="MuiButton-label"
          >
            Sign in with Email
          </span>
          <span
            class="MuiTouchRipple-root"
          />
        </button>
      </form>
      <div
        class="makeStyles-emailPrompt-7"
      >
        <svg
          aria-hidden="true"
          class="MuiSvgIcon-root makeStyles-emailPromptIcon-8"
          focusable="false"
          viewBox="0 0 24 24"
        >
          <path
            d="M7 11H1v2h6v-2zm2.17-3.24L7.05 5.64 5.64 7.05l2.12 2.12 1.41-1.41zM13 1h-2v6h2V1zm5.36 6.05l-1.41-1.41-2.12 2.12 1.41 1.41 2.12-2.12zM17 11v2h6v-2h-6zm-5-2c-1.66 0-3 1.34-3 3s1.34 3 3 3 3-1.34 3-3-1.34-3-3-3zm2.83 7.24l2.12 2.12 1.41-1.41-2.12-2.12-1.41 1.41zm-9.19.71l1.41 1.41 2.12-2.12-1.41-1.41-2.12 2.12zM11 23h2v-6h-2v6z"
          />
        </svg>
        <h6
          class="MuiTypography-root MuiTypography-subtitle2"
        >
          Weâ€™ll email you a magic code for a password-free sign in. Or you can 
          <a
            class="MuiTypography-root MuiLink-root MuiLink-underlineHover MuiTypography-colorSecondary"
          >
            sign in manually instead.
          </a>
        </h6>
      </div>
    </div>
  </div>
</DocumentFragment>
`;
